test_generation_and_preview_require_exact_fact_and_manual_context (test_qualify_bible_fact_propagation.BibleFactProviderTests.test_generation_and_preview_require_exact_fact_and_manual_context) ... ok
test_readonly_fact_checkpoint_works_before_screenplay_schema_exists (test_qualify_bible_fact_propagation.BibleFactProviderTests.test_readonly_fact_checkpoint_works_before_screenplay_schema_exists) ... ok
test_draft_cancel_requires_exact_draft_and_unique_enabled_native_control (test_qualify_bible_relationship.NativeControlTests.test_draft_cancel_requires_exact_draft_and_unique_enabled_native_control) ... ok
test_exact_pending_disclosure_aligns_before_strict_native_pointer_input (test_qualify_bible_relationship.NativeControlTests.test_exact_pending_disclosure_aligns_before_strict_native_pointer_input) ... ok
test_exact_stale_observation_keeps_showing_zero_child_accessible_leaf (test_qualify_bible_relationship.NativeControlTests.test_exact_stale_observation_keeps_showing_zero_child_accessible_leaf) ... Exact stale accessibility: [{"role": "paragraph", "role_id": 42, "child_count": 0, "showing": true, "bounds": [20, 30, 400, 20], "exact_text": "screenplay proposal is stale; request a fresh preview"}]
ok
test_manual_card_edit_reveals_its_own_button_before_exact_draft_input (test_qualify_bible_relationship.NativeControlTests.test_manual_card_edit_reveals_its_own_button_before_exact_draft_input) ... ok
test_pending_review_scopes_exact_text_and_enabled_decisions_not_accepted_history (test_qualify_bible_relationship.NativeControlTests.test_pending_review_scopes_exact_text_and_enabled_decisions_not_accepted_history) ... ok
test_saved_bible_label_inspection_requires_exact_editor_id_value_and_bounded_sidebar (test_qualify_bible_relationship.NativeControlTests.test_saved_bible_label_inspection_requires_exact_editor_id_value_and_bounded_sidebar) ... ok
test_missing_relationship_or_exact_manual_evidence_cannot_qualify (test_qualify_bible_relationship.RelationshipProviderTests.test_missing_relationship_or_exact_manual_evidence_cannot_qualify) ... ok
test_provider_requires_stream_and_targeted_request (test_qualify_bible_relationship.RelationshipProviderTests.test_provider_requires_stream_and_targeted_request) ... ok
test_two_exact_canonical_previews_use_real_loopback_and_record_synthetic_provenance (test_qualify_bible_relationship.RelationshipProviderTests.test_two_exact_canonical_previews_use_real_loopback_and_record_synthetic_provenance) ... ok
test_exact_section_refuses_swapped_extra_duplicate_and_obsolete_text (test_qualify_canonical_scene_generation.CanonicalProviderTests.test_exact_section_refuses_swapped_extra_duplicate_and_obsolete_text) ... ok
test_http_admission_keeps_invalid_requests_out_of_slots_and_pauses_second_generation (test_qualify_canonical_scene_generation.CanonicalProviderTests.test_http_admission_keeps_invalid_requests_out_of_slots_and_pauses_second_generation) ... ok
test_missing_relationship_or_exact_manual_text_refuses_and_duplicate_is_recorded (test_qualify_child_plan_bible.BiblePlanProviderTests.test_missing_relationship_or_exact_manual_text_refuses_and_duplicate_is_recorded) ... ok
test_real_loopback_records_exact_blue_gold_and_independent_screenplay_acceptance (test_qualify_child_plan_bible.BiblePlanProviderTests.test_real_loopback_records_exact_blue_gold_and_independent_screenplay_acceptance) ... ok
test_merged_relationship_text_is_inspected_through_exact_native_control_without_click (test_qualify_child_plan_bible.BiblePlanReceiptTests.test_merged_relationship_text_is_inspected_through_exact_native_control_without_click) ... ok
test_original_receipt_read_only_and_missing_legacy_evidence_refuses (test_qualify_child_plan_bible.BiblePlanReceiptTests.test_original_receipt_read_only_and_missing_legacy_evidence_refuses) ... ok
test_exact_current_saved_blocks_and_bible_required_once_per_plan (test_qualify_child_plan_memory.ChildProviderTests.test_exact_current_saved_blocks_and_bible_required_once_per_plan) ... ok
test_exact_retired_native_child_count_reacquires_on_bounded_poll (test_qualify_child_plan_memory.ChildProviderTests.test_exact_retired_native_child_count_reacquires_on_bounded_poll) ... ok
test_prior_bible_stream_fixture_is_preserved (test_qualify_child_plan_memory.ChildProviderTests.test_prior_bible_stream_fixture_is_preserved) ... ok
test_unrelated_native_enumeration_failure_is_not_suppressed (test_qualify_child_plan_memory.ChildProviderTests.test_unrelated_native_enumeration_failure_is_not_suppressed) ... ok
test_only_the_supported_editor_script_divider_is_selected (test_qualify_child_plan_memory.ReadableCaptureGeometryTests.test_only_the_supported_editor_script_divider_is_selected) ... ok
test_rejects_partially_clipped_or_empty_text_even_when_native_showing (test_qualify_child_plan_memory.ReadableCaptureGeometryTests.test_rejects_partially_clipped_or_empty_text_even_when_native_showing) ... ok
test_changed_maintained_driver_cannot_silently_skip_recovery (test_qualify_child_plan_recovery.MaintainedDriverExtensionTests.test_changed_maintained_driver_cannot_silently_skip_recovery) ... ok
test_duplicate_pending_checkpoint_fails_instead_of_repeating_native_input (test_qualify_child_plan_recovery.MaintainedDriverExtensionTests.test_duplicate_pending_checkpoint_fails_instead_of_repeating_native_input) ... ok
test_recovery_runs_at_pending_capture_before_existing_stale_and_accept_flow (test_qualify_child_plan_recovery.MaintainedDriverExtensionTests.test_recovery_runs_at_pending_capture_before_existing_stale_and_accept_flow) ... ok
test_exact_hidden_native_refusal_is_revealed_after_expanded_evidence_scroll (test_qualify_child_plan_recovery.NativeRefusalVisibilityTests.test_exact_hidden_native_refusal_is_revealed_after_expanded_evidence_scroll) ... ok
test_missing_legacy_evidence_does_not_claim_exact_recovery (test_qualify_child_plan_recovery.RecoveryReceiptTests.test_missing_legacy_evidence_does_not_claim_exact_recovery) ... ok
test_provider_guard_counts_rejected_requests_too (test_qualify_child_plan_recovery.RecoveryReceiptTests.test_provider_guard_counts_rejected_requests_too) ... ok
test_reads_original_evidence_and_whole_database_without_writes (test_qualify_child_plan_recovery.RecoveryReceiptTests.test_reads_original_evidence_and_whole_database_without_writes) ... ok
test_recovery_receipt_detects_text_history_status_and_source_receipt_changes (test_qualify_child_plan_recovery.RecoveryReceiptTests.test_recovery_receipt_detects_text_history_status_and_source_receipt_changes) ... ok
test_native_key_steps_preserve_exact_unicode_whitespace_and_newlines (test_qualify_manual_fact_reconciliation.NativeInputTests.test_native_key_steps_preserve_exact_unicode_whitespace_and_newlines) ... ok
test_exact_one_consumed_field (test_qualify_manual_fact_reconciliation.PromptTests.test_exact_one_consumed_field) ... ok
test_later_proposal_uses_new_current_and_original_consumed_fact (test_qualify_manual_fact_reconciliation.PromptTests.test_later_proposal_uses_new_current_and_original_consumed_fact) ... ok
test_other_field_and_missing_changed_revision_refuse (test_qualify_manual_fact_reconciliation.PromptTests.test_other_field_and_missing_changed_revision_refuse) ... ok
test_saved_whitespace_is_not_normalized (test_qualify_manual_fact_reconciliation.PromptTests.test_saved_whitespace_is_not_normalized) ... ok
test_unsaved_bible_drafts_cannot_leak_even_outside_selected_fact (test_qualify_manual_fact_reconciliation.PromptTests.test_unsaved_bible_drafts_cannot_leak_even_outside_selected_fact) ... ok
test_unselected_field_or_draft_leak_refuses (test_qualify_manual_fact_reconciliation.PromptTests.test_unselected_field_or_draft_leak_refuses) ... ok
test_actual_http_preview_requires_entered_E_excludes_displaced_A_and_preserves_human_B (test_qualify_scene_order_memory.SceneOrderProviderTests.test_actual_http_preview_requires_entered_E_excludes_displaced_A_and_preserves_human_B) ... ok
test_accepted_kind_duplicates_stay_rejected_and_preserved (test_qualify_screenplay_authoring.FixtureProviderTests.test_accepted_kind_duplicates_stay_rejected_and_preserved) ... ok
test_concurrent_duplicates_accept_only_one_request (test_qualify_screenplay_authoring.FixtureProviderTests.test_concurrent_duplicates_accept_only_one_request) ... ok
test_happy_path_streams_exact_fixture_text_and_records_acceptance (test_qualify_screenplay_authoring.FixtureProviderTests.test_happy_path_streams_exact_fixture_text_and_records_acceptance) ... ok
test_non_streaming_requests_are_rejected_without_poisoning_valid_retry (test_qualify_screenplay_authoring.FixtureProviderTests.test_non_streaming_requests_are_rejected_without_poisoning_valid_retry) ... ok
test_preview_guard_requires_explicit_acceptance_on_latest_record (test_qualify_screenplay_authoring.FixtureProviderTests.test_preview_guard_requires_explicit_acceptance_on_latest_record) ... ok
test_rejected_context_does_not_consume_kind_or_three_acceptance_limit (test_qualify_screenplay_authoring.FixtureProviderTests.test_rejected_context_does_not_consume_kind_or_three_acceptance_limit) ... ok
test_rejected_preview_cannot_qualify_without_an_accepted_preview (test_qualify_screenplay_authoring.FixtureProviderTests.test_rejected_preview_cannot_qualify_without_an_accepted_preview) ... ok

----------------------------------------------------------------------
Ran 46 tests in 2.699s

OK
