vite v6.4.2 building SSR bundle for production...
transforming...
✓ 340 modules transformed.
rendering chunks...
vite v6.4.2 building for production...
transforming...
✓ 359 modules transformed.
rendering chunks...
computing gzip size...
.svelte-kit/output/client/_app/version.json                         0.03 kB │ gzip:  0.05 kB
.svelte-kit/output/client/.vite/manifest.json                       3.13 kB │ gzip:  0.63 kB
.svelte-kit/output/client/_app/immutable/assets/0.QcXvhE_O.css      9.98 kB │ gzip:  2.97 kB
.svelte-kit/output/client/_app/immutable/assets/2.DaYubxXQ.css     69.69 kB │ gzip: 10.54 kB
.svelte-kit/output/client/_app/immutable/entry/start.Bzi_3fLX.js    0.08 kB │ gzip:  0.09 kB
.svelte-kit/output/client/_app/immutable/chunks/DY1PI5r1.js         0.38 kB │ gzip:  0.27 kB
.svelte-kit/output/client/_app/immutable/nodes/1.BV3130Kd.js        0.51 kB │ gzip:  0.34 kB
.svelte-kit/output/client/_app/immutable/chunks/GNebEd5u.js         1.45 kB │ gzip:  0.80 kB
.svelte-kit/output/client/_app/immutable/chunks/DUklwffQ.js         2.58 kB │ gzip:  1.18 kB
.svelte-kit/output/client/_app/immutable/nodes/0.DLAv43gC.js        2.89 kB │ gzip:  1.11 kB
.svelte-kit/output/client/_app/immutable/entry/app.DVmH1rPe.js      6.23 kB │ gzip:  2.89 kB
.svelte-kit/output/client/_app/immutable/chunks/BgDt7V9p.js         9.85 kB │ gzip:  4.17 kB
.svelte-kit/output/client/_app/immutable/chunks/DSTaoMuK.js        12.47 kB │ gzip:  4.10 kB
.svelte-kit/output/client/_app/immutable/chunks/DTLJZQfz.js        28.33 kB │ gzip: 10.93 kB
.svelte-kit/output/client/_app/immutable/chunks/C7TzlORv.js        28.69 kB │ gzip: 11.08 kB
.svelte-kit/output/client/_app/immutable/nodes/2.D480bVT0.js      246.67 kB │ gzip: 75.54 kB
✓ built in 2.32s
.svelte-kit/output/server/.vite/manifest.json                           3.41 kB
.svelte-kit/output/server/_app/immutable/assets/_layout.4-niuhnV.css    9.87 kB
.svelte-kit/output/server/_app/immutable/assets/_page.DotSpWc-.css     15.91 kB
.svelte-kit/output/server/chunks/false.js                               0.04 kB
.svelte-kit/output/server/internal.js                                   0.35 kB
.svelte-kit/output/server/chunks/environment.js                         0.62 kB
.svelte-kit/output/server/chunks/utils.js                               1.09 kB
.svelte-kit/output/server/entries/fallbacks/error.svelte.js             1.42 kB
.svelte-kit/output/server/chunks/render-context.js                      1.93 kB
.svelte-kit/output/server/entries/pages/_layout.svelte.js               2.51 kB
.svelte-kit/output/server/chunks/internal.js                            3.25 kB
.svelte-kit/output/server/entries/pages/_page.svelte.js                 3.63 kB
.svelte-kit/output/server/chunks/attributes.js                          5.98 kB
.svelte-kit/output/server/chunks/exports.js                             6.98 kB
.svelte-kit/output/server/chunks/renderer.js                           31.91 kB
.svelte-kit/output/server/chunks/shared.js                             34.89 kB
.svelte-kit/output/server/remote-entry.js                              37.84 kB
.svelte-kit/output/server/chunks/root.js                               86.29 kB
.svelte-kit/output/server/index.js                                    130.53 kB
✓ built in 5.55s

Run npm run preview to preview your production build locally.

> Using @sveltejs/adapter-static
  Wrote site to "../dist/ui"
  ✔ done
npm notice
npm notice New major version of npm available! 11.9.0 -> 12.2.0
npm notice Changelog: https://github.com/npm/cli/releases/tag/v12.2.0
npm notice To update run: npm install -g npm@12.2.0
npm notice
